// Jest Snapshot v1, https://goo.gl/fbAQLP

exports[`@roots/sage sage required peers matches snapshot 1`] = `
Object {
  "@wordpress/browserslist-config": Object {
    "name": "@wordpress/browserslist-config",
    "version": "4.1.0",
  },
  "eslint": Object {
    "name": "eslint",
    "version": "7.32.0",
  },
  "postcss": Object {
    "name": "postcss",
    "version": "8.3.11",
  },
  "postcss-import": Object {
    "name": "postcss-import",
    "version": "14.0.2",
  },
  "postcss-preset-env": Object {
    "name": "postcss-preset-env",
    "version": "6.7.0",
  },
  "prettier": Object {
    "name": "prettier",
    "version": "2.4.1",
  },
  "react": Object {
    "name": "react",
    "version": "17.0.2",
  },
  "react-dom": Object {
    "name": "react-dom",
    "version": "17.0.2",
  },
  "tailwindcss": Object {
    "name": "tailwindcss",
    "version": "^2.2.8",
  },
}
`;

exports[`@roots/sage sage resolveFrom matches snapshot 1`] = `
Array [
  StringContaining "resources",
  StringContaining "node_modules",
  StringContaining "@roots/sage",
  StringContaining "@roots/bud-preset-wordpress",
  StringContaining "@roots/bud-preset-recommend",
  StringContaining "@roots/bud-babel",
  StringContaining "@roots/bud-entrypoints",
  StringContaining "@roots/bud-postcss",
  StringContaining "@roots/bud-react",
  StringContaining "@roots/bud-wordpress-externals",
  StringContaining "@roots/bud-wordpress-dependencies",
  StringContaining "@roots/bud-wordpress-manifests",
  StringContaining "@roots/bud-eslint",
  StringContaining "@roots/bud-prettier",
  StringContaining "@roots/bud-stylelint",
  StringContaining "@roots/bud-tailwindcss",
  StringContaining "node_modules",
]
`;
