// Vitest Snapshot v1, https://vitest.dev/guide/snapshot.html

exports[`examples/babel > should emit entrypoints.json 1`] = `
{
  "main": {
    "css": [
      "css/main.css",
    ],
    "js": [
      "js/runtime.js",
      "js/main.js",
    ],
  },
}
`;

exports[`examples/babel > should emit manifest.json 1`] = `
{
  "entrypoints.json": "entrypoints.json",
  "main.css": "css/main.css",
  "main.js": "js/main.js",
  "runtime.js": "js/runtime.js",
}
`;

exports[`examples/babel > should emit stdout 1`] = `
"│
│ main
│  ◉ js/runtime.js                                                     ✔ 904 bytes
│  ◉ css/main.css                                                      ✔ 231 bytes
│  ◉ js/main.js                                                        ✔ 231 bytes"
`;
