// Vitest Snapshot v1

exports[`babel > npm > manifest.json > matches snapshot 1`] = `
{
  "app.css": "css/app.css",
  "app.js": "js/app.js",
  "index.html": "index.html",
  "runtime.js": "js/runtime.js",
}
`;

exports[`babel > yarn > manifest.json > matches snapshot 1`] = `
{
  "app.css": "css/app.css",
  "app.js": "js/app.js",
  "index.html": "index.html",
  "runtime.js": "js/runtime.js",
}
`;
