// Jest Snapshot v1, https://goo.gl/fbAQLP

exports[`emotion npm manifest.json matches snapshot 1`] = `
Object {
  "app.js": "js/app.js",
  "index.html": "index.html",
  "js/bundle/69.js": "js/bundle/69.js",
  "runtime.js": "js/runtime.js",
  "svg/logo.svg": "svg/logo.svg",
}
`;

exports[`emotion yarn manifest.json matches snapshot 1`] = `
Object {
  "app.js": "js/app.js",
  "index.html": "index.html",
  "js/bundle/69.js": "js/bundle/69.js",
  "runtime.js": "js/runtime.js",
  "svg/logo.svg": "svg/logo.svg",
}
`;
