// Jest Snapshot v1, https://goo.gl/fbAQLP

exports[`html-template npm index.html is the correct html 1`] = `"<!doctype html><html lang=\\"en\\"><head><meta charset=\\"utf-8\\"/><meta name=\\"viewport\\" content=\\"width=device-width,initial-scale=1\\"/><title>%APP_TITLE%</title><meta name=\\"theme-color\\" content=\\"%APP_COLOR%\\"/><meta name=\\"description\\" content=\\"%APP_DESCRIPTION%\\"/><script defer=\\"defer\\" src=\\"/runtime.js\\"></script><script defer=\\"defer\\" src=\\"/vendor/app.js\\"></script><script defer=\\"defer\\" src=\\"/app.js\\"></script></head><body><noscript>You need to enable JavaScript to run this app</noscript><div id=\\"root\\"></div></body></html>"`;

exports[`html-template npm package.json matches snapshot 1`] = `
Object {
  "browserslist": Object {
    "development": Array [
      "last 1 chrome version",
      "last 1 firefox version",
      "last 1 safari version",
    ],
    "production": Array [
      ">0.5%",
      "not dead",
      "not op_mini all",
    ],
  },
  "devDependencies": Object {
    "@roots/bud": "latest",
    "@roots/bud-emotion": "latest",
    "@roots/bud-react": "latest",
  },
  "name": "example-emotion",
  "private": true,
}
`;

exports[`html-template yarn index.html is the correct html 1`] = `"<!doctype html><html lang=\\"en\\"><head><meta charset=\\"utf-8\\"/><meta name=\\"viewport\\" content=\\"width=device-width,initial-scale=1\\"/><title>%APP_TITLE%</title><meta name=\\"theme-color\\" content=\\"%APP_COLOR%\\"/><meta name=\\"description\\" content=\\"%APP_DESCRIPTION%\\"/><script defer=\\"defer\\" src=\\"/runtime.js\\"></script><script defer=\\"defer\\" src=\\"/vendor/app.js\\"></script><script defer=\\"defer\\" src=\\"/app.js\\"></script></head><body><noscript>You need to enable JavaScript to run this app</noscript><div id=\\"root\\"></div></body></html>"`;

exports[`html-template yarn package.json matches snapshot 1`] = `
Object {
  "browserslist": Object {
    "development": Array [
      "last 1 chrome version",
      "last 1 firefox version",
      "last 1 safari version",
    ],
    "production": Array [
      ">0.5%",
      "not dead",
      "not op_mini all",
    ],
  },
  "devDependencies": Object {
    "@roots/bud": "latest",
    "@roots/bud-emotion": "latest",
    "@roots/bud-react": "latest",
  },
  "name": "example-emotion",
  "private": true,
}
`;
