// Jest Snapshot v1, https://goo.gl/fbAQLP

exports[`examples/markdown package.json matches snapshot 1`] = `
Object {
  "browserslist": Object {
    "development": Array [
      "last 1 chrome version",
      "last 1 firefox version",
      "last 1 safari version",
    ],
    "production": Array [
      ">0.5%",
      "not dead",
      "not op_mini all",
    ],
  },
  "devDependencies": Object {
    "@roots/bud": "workspace:*",
    "@roots/bud-mdx": "workspace:*",
    "@roots/bud-preset-recommend": "workspace:*",
    "@roots/bud-react": "workspace:*",
    "@types/react": "^17",
    "@types/react-dom": "^17",
    "postcss": "8.3.6",
    "postcss-import": "14.0.2",
    "postcss-preset-env": "6.7.0",
    "react": ">=17",
    "react-dom": ">=17",
  },
  "name": "example-markdown",
  "private": true,
}
`;
