// Jest Snapshot v1, https://goo.gl/fbAQLP

exports[`examples/markdown package.json matches snapshot 1`] = `
Object {
  "browserslist": Object {
    "development": Array [
      "last 1 chrome version",
      "last 1 firefox version",
      "last 1 safari version",
    ],
    "production": Array [
      ">0.5%",
      "not dead",
      "not op_mini all",
    ],
  },
  "devDependencies": Object {
    "@roots/bud": "workspace:*",
    "@roots/bud-mdx": "workspace:*",
    "@roots/bud-preset-recommend": "workspace:*",
    "@roots/bud-react": "workspace:*",
    "@types/react": "^17",
    "@types/react-dom": "^17",
    "postcss": Any<String>,
    "postcss-import": Any<String>,
    "postcss-preset-env": Any<String>,
    "react": Any<String>,
    "react-dom": Any<String>,
  },
  "name": "example-markdown",
  "private": true,
}
`;
