// Jest Snapshot v1, https://goo.gl/fbAQLP

exports[`node-api snapshots .budfiles/bud.webpack.config.js 1`] = `
Object {
  "app": Object {
    "import": Array [
      "index.js",
    ],
  },
}
`;

exports[`node-api snapshots .budfiles/bud.webpack.config.js 2`] = `"production"`;

exports[`node-api snapshots .budfiles/bud.webpack.config.js 3`] = `
Object {
  "minimize": true,
  "minimizer": Array [
    "...",
    Object {
      "options": Object {
        "minify": "<<Function 'cssnanoMinify'>>",
        "minimizerOptions": Object {
          "preset": Array [
            "default",
            Object {
              "discardComments": Object {
                "removeAll": true,
              },
            },
          ],
        },
        "parallel": true,
        "test": /\\\\\\.css\\(\\\\\\?\\.\\*\\)\\?\\$/i,
        "warningsFilter": "<<Function 'warningsFilter'>>",
      },
    },
  ],
  "moduleIds": "deterministic",
  "splitChunks": Object {
    "cacheGroups": Object {
      "bud": Object {
        "chunks": "all",
        "name": "<<Function 'name'>>",
        "priority": -10,
        "reuseExistingChunk": true,
        "test": /\\(\\[\\\\\\\\/\\]@roots\\|webpack\\|style-loader\\|tslib\\|ansi\\|html-entities\\|css-loader\\)/,
      },
      "vendor": Object {
        "chunks": "all",
        "name": "<<Function 'name'>>",
        "priority": -20,
        "reuseExistingChunk": true,
        "test": /\\[\\\\\\\\/\\]node_modules\\[\\\\\\\\/\\]/,
      },
    },
    "defaultSizeTypes": Array [
      "...",
    ],
  },
}
`;

exports[`node-api snapshots .budfiles/bud.webpack.config.js 4`] = `true`;

exports[`node-api snapshots .budfiles/bud.webpack.config.js 5`] = `
Object {
  "type": "memory",
}
`;

exports[`node-api snapshots dist/app.js 1`] = `"console.log(\\"hello\\"),console.log(\\"world\\");"`;

exports[`node-api snapshots dist/manifest.json 1`] = `
"{
  \\"app.js\\": \\"app.js\\"
}"
`;

exports[`node-api snapshots package.json 1`] = `
"{
  \\"name\\": \\"example-node-api\\",
  \\"private\\": true,
  \\"browserslist\\": {
    \\"production\\": [
      \\">0.5%\\",
      \\"not dead\\",
      \\"not op_mini all\\"
    ],
    \\"development\\": [
      \\"last 1 chrome version\\",
      \\"last 1 firefox version\\",
      \\"last 1 safari version\\"
    ]
  },
  \\"devDependencies\\": {
    \\"@roots/bud\\": \\"workspace:sources/@roots/bud\\"
  }
}
"
`;
