// Jest Snapshot v1, https://goo.gl/fbAQLP

exports[`react npm manifest.json matches snapshot 1`] = `
Object {
  "app.css": "css/app.css",
  "app.js": "js/app.js",
  "index.html": "index.html",
  "js/935.js": "js/935.js",
  "runtime.js": "js/runtime.js",
  "svg/logo.svg": "svg/logo.svg",
}
`;

exports[`react yarn manifest.json matches snapshot 1`] = `
Object {
  "app.css": "css/app.css",
  "app.js": "js/app.js",
  "index.html": "index.html",
  "js/935.js": "js/935.js",
  "runtime.js": "js/runtime.js",
  "svg/logo.svg": "svg/logo.svg",
}
`;
