// Vitest Snapshot v1

exports[`react > npm > app.js > should be present in the manifest 1`] = `"js/app.js"`;

exports[`react > npm > index.html > should be present in the manifest 1`] = `"index.html"`;

exports[`react > npm > runtime.js > should be present in the manifest 1`] = `"js/runtime.js"`;

exports[`react > npm > svg/logo.svg > should be present in the manifest 1`] = `"svg/logo.svg"`;

exports[`react > yarn > app.js > should be present in the manifest 1`] = `"js/app.js"`;

exports[`react > yarn > index.html > should be present in the manifest 1`] = `"index.html"`;

exports[`react > yarn > runtime.js > should be present in the manifest 1`] = `"js/runtime.js"`;

exports[`react > yarn > svg/logo.svg > should be present in the manifest 1`] = `"svg/logo.svg"`;
