// Jest Snapshot v1, https://goo.gl/fbAQLP

exports[`examples/sage snapshots .budfiles/bud.webpack.config.js 1`] = `undefined`;

exports[`examples/sage snapshots .budfiles/bud.webpack.config.js 2`] = `undefined`;

exports[`examples/sage snapshots .budfiles/bud.webpack.config.js 3`] = `undefined`;

exports[`examples/sage snapshots .budfiles/bud.webpack.config.js 4`] = `undefined`;

exports[`examples/sage snapshots .budfiles/bud.webpack.config.js 5`] = `undefined`;

exports[`examples/sage snapshots .budfiles/bud.webpack.config.js 6`] = `undefined`;

exports[`examples/sage snapshots package.json is unchanged 1`] = `
Object {
  "browserslist": Array [
    "extends @wordpress/browserslist-config",
  ],
  "devDependencies": Object {
    "@roots/bud": "workspace:*",
    "@roots/sage": "workspace:*",
  },
  "installConfig": Object {
    "installConfig": Object {
      "hoistingLimits": "workspaces",
    },
  },
  "name": "example-sage",
  "private": true,
}
`;
