// Jest Snapshot v1, https://goo.gl/fbAQLP

exports[`typescript npm app.js has contents 1`] = `
"/******/ (function() { // webpackBootstrap
/******/ 	\\"use strict\\";
var __webpack_exports__ = {};
// This entry need to be wrapped in an IIFE because it uses a non-standard name for the exports (exports).
!function() {
var exports = __webpack_exports__;
var __webpack_unused_export__;


var _a;

__webpack_unused_export__ = ({
  value: true
});
/* eslint-disable no-console */

var foo = 'black';
document.querySelector('body').style.backgroundColor = foo; // @ts-ignore

(_a = /* unsupported import.meta.webpackHot */ undefined) === null || _a === void 0 ? void 0 : _a.accept(console.error);
}();
/******/ })()
;"
`;

exports[`typescript npm app.js matches snapshot 1`] = `
"/******/ (function() { // webpackBootstrap
/******/ 	\\"use strict\\";
var __webpack_exports__ = {};
// This entry need to be wrapped in an IIFE because it uses a non-standard name for the exports (exports).
!function() {
var exports = __webpack_exports__;
var __webpack_unused_export__;


var _a;

__webpack_unused_export__ = ({
  value: true
});
/* eslint-disable no-console */

var foo = 'black';
document.querySelector('body').style.backgroundColor = foo; // @ts-ignore

(_a = /* unsupported import.meta.webpackHot */ undefined) === null || _a === void 0 ? void 0 : _a.accept(console.error);
}();
/******/ })()
;"
`;

exports[`typescript npm manifest.json matches snapshot 1`] = `
Object {
  "app.js": "app.js",
  "index.html": "index.html",
}
`;

exports[`typescript yarn app.js has contents 1`] = `
"/******/ (function() { // webpackBootstrap
/******/ 	\\"use strict\\";
var __webpack_exports__ = {};
// This entry need to be wrapped in an IIFE because it uses a non-standard name for the exports (exports).
!function() {
var exports = __webpack_exports__;
var __webpack_unused_export__;


var _a;

__webpack_unused_export__ = ({
  value: true
});
/* eslint-disable no-console */

var foo = 'black';
document.querySelector('body').style.backgroundColor = foo; // @ts-ignore

(_a = /* unsupported import.meta.webpackHot */ undefined) === null || _a === void 0 ? void 0 : _a.accept(console.error);
}();
/******/ })()
;"
`;

exports[`typescript yarn app.js matches snapshot 1`] = `
"/******/ (function() { // webpackBootstrap
/******/ 	\\"use strict\\";
var __webpack_exports__ = {};
// This entry need to be wrapped in an IIFE because it uses a non-standard name for the exports (exports).
!function() {
var exports = __webpack_exports__;
var __webpack_unused_export__;


var _a;

__webpack_unused_export__ = ({
  value: true
});
/* eslint-disable no-console */

var foo = 'black';
document.querySelector('body').style.backgroundColor = foo; // @ts-ignore

(_a = /* unsupported import.meta.webpackHot */ undefined) === null || _a === void 0 ? void 0 : _a.accept(console.error);
}();
/******/ })()
;"
`;

exports[`typescript yarn manifest.json matches snapshot 1`] = `
Object {
  "app.js": "app.js",
  "index.html": "index.html",
}
`;
