// Jest Snapshot v1, https://goo.gl/fbAQLP

exports[`examples/vue package.json matches snapshot 1`] = `
Object {
  "browserslist": Object {
    "development": Array [
      "last 1 chrome version",
      "last 1 firefox version",
      "last 1 safari version",
    ],
    "production": Array [
      ">0.5%",
      "not dead",
      "not op_mini all",
    ],
  },
  "devDependencies": Object {
    "@roots/bud": "workspace:*",
    "@roots/bud-vue": "workspace:*",
    "@vue/compiler-sfc": "^3.1.5",
    "vue": "^3.1.5",
  },
  "name": "example-vue",
  "private": true,
}
`;
