// Vitest Snapshot v1, https://vitest.dev/guide/snapshot.html

exports[`@roots/bud-api > should add methods when bootstrapped 1`] = `
{
  "alias": [Function],
  "assets": [Function],
  "bundle": [Function],
  "compilePaths": [Function],
  "config": [Function],
  "copy": [Function],
  "copyDir": [Function],
  "copyFile": [Function],
  "define": [Function],
  "devtool": [Function],
  "entry": [Function],
  "experiments": [Function],
  "externals": [Function],
  "hash": [Function],
  "html": [Function],
  "minimize": [Function],
  "override": [Function],
  "persist": [Function],
  "provide": [Function],
  "proxy": [Function],
  "runtime": [Function],
  "serve": [Function],
  "setProxyUrl": [Function],
  "setPublicProxyUrl": [Function],
  "setPublicUrl": [Function],
  "setUrl": [Function],
  "splitChunks": [Function],
  "template": [Function],
  "use": [Function],
  "version": [Function],
  "watch": [Function],
  "webpackConfig": [Function],
}
`;
