// Jest Snapshot v1, https://goo.gl/fbAQLP

exports[`Config apply returns bud 1`] = `
Object {
  "close": [MockFunction],
  "dashboard": Object {
    "render": [MockFunction],
  },
  "entry": [MockFunction],
  "mode": "production",
  "name": "bud",
  "project": Object {
    "getValues": [MockFunction],
    "has": [MockFunction],
    "hasPeerDependency": [MockFunction],
    "peers": Object {
      "install": [MockFunction],
    },
  },
  "tap": [MockFunction],
  "use": [MockFunction],
}
`;

exports[`Config get return config 1`] = `[Function]`;
