// Vitest Snapshot v1

exports[`bud.splitChunks > sets default options when called 1`] = `
{
  "automaticNameDelimiter": "/",
  "cacheGroups": {
    "vendor": {
      "filename": "js/bundle/vendor/[name].js",
      "idHint": "vendor",
      "priority": -20,
      "test": /\\[\\\\\\\\/\\]node_modules\\[\\\\\\\\/\\]/,
    },
  },
  "chunks": "all",
  "minSize": 0,
}
`;

exports[`bud.splitChunks > sets options when passed as parameters 1`] = `
{
  "cacheGroups": {
    "chunks": "all",
  },
}
`;
