// Jest Snapshot v1, https://goo.gl/fbAQLP

exports[`bud.discovery collates required peers 1`] = `
Object {
  "postcss": Object {
    "name": "postcss",
    "type": "devDependencies",
    "ver": Any<String>,
  },
  "postcss-import": Object {
    "name": "postcss-import",
    "type": "devDependencies",
    "ver": Any<String>,
  },
  "postcss-preset-env": Object {
    "name": "postcss-preset-env",
    "type": "devDependencies",
    "ver": Any<String>,
  },
}
`;

exports[`bud.discovery contains a repository 1`] = `
Object {
  "description": Any<String>,
  "devDependencies": Any<Object>,
  "engines": Any<Object>,
  "license": Any<String>,
  "manifest": Any<Object>,
  "name": Any<String>,
  "packageManager": Any<String>,
  "private": true,
  "repository": Any<Object>,
  "resolutions": Any<Object>,
  "version": Any<String>,
  "volta": Any<Object>,
  "workspaces": Any<Object>,
}
`;

exports[`bud.discovery discover method gathers dep data 1`] = `
Object {
  "name": "@roots/bud-postcss",
  "type": "devDependencies",
  "ver": "4.7.0-next.12",
}
`;

exports[`bud.discovery resolveFrom contains paths of found peers 1`] = `
Array [
  StringContaining "@roots/bud-postcss",
]
`;
