// Jest Snapshot v1, https://goo.gl/fbAQLP

exports[`bud.build has expected rules 1`] = `
Object {
  "css": Rule {
    "exclude": [Function],
    "test": [Function],
    "use": [Function],
  },
  "csv": Rule {
    "test": [Function],
    "use": [Function],
  },
  "font": Rule {
    "exclude": [Function],
    "test": [Function],
    "use": [Function],
  },
  "html": Rule {
    "test": [Function],
    "use": [Function],
  },
  "image": Rule {
    "exclude": [Function],
    "generator": [Function],
    "test": [Function],
    "type": [Function],
  },
  "js": Rule {
    "exclude": [Function],
    "test": [Function],
    "use": [Function],
  },
  "json5": Rule {
    "parser": [Function],
    "test": [Function],
    "type": [Function],
  },
  "svg": Rule {
    "exclude": [Function],
    "generator": [Function],
    "test": [Function],
    "type": [Function],
  },
  "toml": Rule {
    "parser": [Function],
    "test": [Function],
    "type": [Function],
  },
  "xml": Rule {
    "test": [Function],
    "use": [Function],
  },
  "yml": Rule {
    "parser": [Function],
    "test": [Function],
    "type": [Function],
  },
}
`;
