// Jest Snapshot v1, https://goo.gl/fbAQLP

exports[`bud.build.config has expected default requireEnsure rule 1`] = `
Object {
  "exclude": Array [
    /node_modules/,
  ],
  "parser": Object {
    "requireEnsure": false,
  },
  "test": /\\\\\\.\\(cjs\\|mjs\\|jsx\\?\\)\\$/,
}
`;

exports[`bud.build.config has expected resolve.extensions default 1`] = `
Array [
  ".mjs",
  ".cjs",
  ".js",
  ".jsx",
  ".css",
  ".json",
  ".wasm",
  ".yml",
  ".toml",
]
`;
