// Jest Snapshot v1, https://goo.gl/fbAQLP

exports[`bud.splitChunks sets default options when called 1`] = `
Object {
  "cacheGroups": Object {
    "vendor": Object {
      "chunks": "initial",
      "name": [Function],
      "priority": -20,
      "reuseExistingChunk": true,
      "test": /\\[\\\\\\\\/\\]node_modules\\[\\\\\\\\/\\]/,
    },
  },
}
`;
