// Jest Snapshot v1, https://goo.gl/fbAQLP

exports[`bud.watch sets watch files 1`] = `
Object {
  "browser": Object {
    "indicator": true,
    "log": true,
    "overlay": true,
  },
  "host": "localhost",
  "methods": Array [
    "GET",
    "HEAD",
  ],
  "middleware": Object {
    "dev": true,
    "hot": true,
    "proxy": false,
  },
  "port": 3000,
  "proxy": Object {
    "host": "localhost",
    "port": 8000,
  },
  "watch": Object {
    "files": Array [
      "**/*.js",
    ],
  },
}
`;
