// Jest Snapshot v1, https://goo.gl/fbAQLP

exports[`Extensions [development] bud.extensions.repository matches snapshot 1`] = `
Object {
  "clean-webpack-plugin": Controller {
    "_app": [Function],
    "_module": Object {
      "make": [Function],
      "name": "clean-webpack-plugin",
      "options": [Function],
      "when": [Function],
    },
  },
  "copy-webpack-plugin": Controller {
    "_app": [Function],
    "_module": Object {
      "make": [Function],
      "name": "copy-webpack-plugin",
      "options": [Function],
      "when": [Function],
    },
  },
  "ignore-emit-webpack-plugin": Controller {
    "_app": [Function],
    "_module": Object {
      "make": [Function],
      "name": "ignore-emit-webpack-plugin",
      "options": [Function],
      "when": [Function],
    },
  },
  "mini-css-extract-plugin": Controller {
    "_app": [Function],
    "_module": Object {
      "make": [Function],
      "name": "mini-css-extract-plugin",
      "options": [Function],
      "when": [Function],
    },
  },
  "webpack-config-dump-plugin": Controller {
    "_app": [Function],
    "_module": Object {
      "make": [Function],
      "name": "webpack-config-dump-plugin",
      "options": [Function],
      "register": undefined,
      "when": [Function],
    },
  },
  "webpack-define-plugin": Controller {
    "_app": [Function],
    "_module": Object {
      "make": [Function],
      "name": "webpack-define-plugin",
      "options": [Function],
      "when": [Function],
    },
  },
  "webpack-hot-module-replacement-plugin": Controller {
    "_app": [Function],
    "_module": Object {
      "make": [Function],
      "name": "webpack-hot-module-replacement-plugin",
      "when": [Function],
    },
  },
  "webpack-manifest-plugin": Controller {
    "_app": [Function],
    "_module": Object {
      "make": [Function],
      "name": "webpack-manifest-plugin",
      "options": [Function],
      "when": [Function],
    },
  },
  "webpack-provide-plugin": Controller {
    "_app": [Function],
    "_module": Object {
      "make": [Function],
      "name": "webpack-provide-plugin",
      "options": [Function],
      "when": [Function],
    },
  },
}
`;
