// Jest Snapshot v1, https://goo.gl/fbAQLP

exports[`Extensions [development] bud.extensions.repository matches snapshot 1`] = `
Object {
  "clean-webpack-plugin": Controller {
    "_app": [Function],
    "_module": Object {
      "api": undefined,
      "boot": undefined,
      "make": [Function],
      "mixin": undefined,
      "name": "clean-webpack-plugin",
      "options": Object {
        "cleanOnceBeforeBuildPatterns": Array [
          "**/*",
          "!dll",
        ],
        "cleanStaleWebpackAssets": true,
        "protectWebpackAssets": true,
      },
      "register": undefined,
      "when": [Function],
    },
    "log": [Function],
    "meta": Object {
      "booted": false,
      "instance": "bud",
      "registered": true,
    },
  },
  "copy-webpack-plugin": Controller {
    "_app": [Function],
    "_module": Object {
      "api": undefined,
      "boot": undefined,
      "make": [Function],
      "mixin": undefined,
      "name": "copy-webpack-plugin",
      "options": Object {
        "patterns": Array [],
      },
      "register": undefined,
      "when": [Function],
    },
    "log": [Function],
    "meta": Object {
      "booted": false,
      "instance": "bud",
      "registered": true,
    },
  },
  "ignore-emit-webpack-plugin": Controller {
    "_app": [Function],
    "_module": Object {
      "api": undefined,
      "boot": undefined,
      "make": [Function],
      "mixin": undefined,
      "name": "ignore-emit-webpack-plugin",
      "options": Object {
        "ignore": Array [
          /\\.\\?\\.map\\$/,
        ],
      },
      "register": undefined,
      "when": [Function],
    },
    "log": [Function],
    "meta": Object {
      "booted": false,
      "instance": "bud",
      "registered": true,
    },
  },
  "mini-css-extract-plugin": Controller {
    "_app": [Function],
    "_module": Object {
      "api": undefined,
      "boot": undefined,
      "make": [Function],
      "mixin": undefined,
      "name": "mini-css-extract-plugin",
      "options": Object {
        "chunkFilename": "[name].[id].css",
        "filename": "[name].css",
      },
      "register": undefined,
      "when": [Function],
    },
    "log": [Function],
    "meta": Object {
      "booted": false,
      "instance": "bud",
      "registered": true,
    },
  },
  "webpack-define-plugin": Controller {
    "_app": [Function],
    "_module": Object {
      "api": undefined,
      "boot": undefined,
      "make": [Function],
      "mixin": undefined,
      "name": "webpack-define-plugin",
      "options": Object {},
      "register": undefined,
      "when": [Function],
    },
    "log": [Function],
    "meta": Object {
      "booted": false,
      "instance": "bud",
      "registered": true,
    },
  },
  "webpack-hot-module-replacement-plugin": Controller {
    "_app": [Function],
    "_module": Object {
      "api": undefined,
      "boot": undefined,
      "make": [Function],
      "mixin": undefined,
      "name": "webpack-hot-module-replacement-plugin",
      "options": Container {
        "ident": "container",
        "repository": Object {},
      },
      "register": undefined,
      "when": [Function],
    },
    "log": [Function],
    "meta": Object {
      "booted": false,
      "instance": "bud",
      "registered": true,
    },
  },
  "webpack-manifest-plugin": Controller {
    "_app": [Function],
    "_module": Object {
      "api": undefined,
      "boot": undefined,
      "make": [Function],
      "mixin": undefined,
      "name": "webpack-manifest-plugin",
      "options": Object {
        "fileName": "manifest.json",
        "writeToFileEmit": true,
      },
      "register": undefined,
      "when": [Function],
    },
    "log": [Function],
    "meta": Object {
      "booted": false,
      "instance": "bud",
      "registered": true,
    },
  },
  "webpack-provide-plugin": Controller {
    "_app": [Function],
    "_module": Object {
      "api": undefined,
      "boot": undefined,
      "make": [Function],
      "mixin": undefined,
      "name": "webpack-provide-plugin",
      "options": Object {},
      "register": undefined,
      "when": [Function],
    },
    "log": [Function],
    "meta": Object {
      "booted": false,
      "instance": "bud",
      "registered": true,
    },
  },
}
`;
