// Jest Snapshot v1, https://goo.gl/fbAQLP

exports[`Extensions [production] bud.extensions.repository matches snapshot 1`] = `
Array [
  "@roots/bud-babel",
  "@roots/bud-entrypoints",
  "@roots/bud-eslint",
  "@roots/bud-postcss",
  "@roots/bud-preset-recommend",
  "@roots/bud-tailwindcss",
  "cdn",
  "clean-webpack-plugin",
  "copy-webpack-plugin",
  "esm",
  "mini-css-extract-plugin",
  "webpack-manifest-plugin",
  "webpack-remove-empty-scripts",
  "webpack:define-plugin",
  "webpack:hot-module-replacement-plugin",
  "webpack:provide-plugin",
]
`;
