// Vitest Snapshot v1, https://vitest.dev/guide/snapshot.html

exports[`@roots/bud-criticalcss > extract 1`] = `"body{background-color:#00f}.foo{background-color:#000}"`;

exports[`@roots/bud-criticalcss > extract 2`] = `".ignore-style .test{background-color:red}"`;

exports[`@roots/bud-criticalcss > no-extract 1`] = `"body{background-color:#00f}"`;

exports[`@roots/bud-criticalcss > no-extract 2`] = `"body{background-color:blue}.foo{background-color:#000}"`;
