// Jest Snapshot v1, https://goo.gl/fbAQLP

exports[`@roots/bud-hooks hooks repository matches snapshot 1`] = `
Object {
  "after": Array [
    [Function],
  ],
  "before": Array [
    [Function],
  ],
  "build": Array [
    [Function],
  ],
  "build/bail": Array [
    [Function],
  ],
  "build/cache": Array [
    [Function],
    [Function],
  ],
  "build/cache/type": Array [
    [Function],
  ],
  "build/context": Array [
    [Function],
  ],
  "build/devtool": Array [
    [Function],
  ],
  "build/experiments": Array [
    [Function],
  ],
  "build/experiments/lazyCompilation": Array [
    [Function],
  ],
  "build/infrastructureLogging": Array [
    [Function],
  ],
  "build/mode": Array [
    [Function],
  ],
  "build/module": Array [
    [Function],
  ],
  "build/module/rules": Array [
    [Function],
  ],
  "build/module/rules/oneOf": Array [
    [Function],
  ],
  "build/name": Array [
    [Function],
  ],
  "build/node": Array [
    false,
  ],
  "build/optimization": Array [
    [Function],
  ],
  "build/optimization/emitOnErrors": Array [
    false,
  ],
  "build/optimization/minimize": Array [
    [Function],
  ],
  "build/optimization/minimizer": Array [
    [Function],
    [Function],
    [Function],
  ],
  "build/optimization/moduleIds": Array [
    [Function],
  ],
  "build/optimization/removeEmptyChunks": Array [
    [Function],
  ],
  "build/optimization/splitChunks": Array [
    [Function],
  ],
  "build/output": Array [
    [Function],
  ],
  "build/output/filename": Array [
    [Function],
  ],
  "build/output/path": Array [
    [Function],
  ],
  "build/output/pathinfo": Array [
    [Function],
  ],
  "build/output/publicPath": Array [
    [Function],
  ],
  "build/parallelism": Array [
    [Function],
  ],
  "build/performance": Array [
    [Function],
  ],
  "build/plugins": Array [
    [Function],
  ],
  "build/profile": Array [
    [Function],
  ],
  "build/recordsPath": Array [
    [Function],
  ],
  "build/resolve": Array [
    [Function],
  ],
  "build/resolve/alias": Array [
    Object {},
  ],
  "build/resolve/extensions": Array [
    Array [
      ".wasm",
      ".mjs",
      ".js",
      ".jsx",
      ".css",
      ".json",
      ".json5",
      ".toml",
      ".xml",
      ".csv",
      ".tsv",
      ".yml",
      ".yaml",
      ".xml",
    ],
  ],
  "build/resolve/modules": Array [
    [Function],
  ],
  "build/stats": Array [
    [Function],
  ],
  "build/watch": Array [
    [Function],
  ],
  "build/watchOptions": Array [
    [Function],
  ],
  "extension/clean-webpack-plugin/make": Array [
    [Function],
  ],
  "extension/clean-webpack-plugin/options": Array [
    [Function],
  ],
  "extension/clean-webpack-plugin/when": Array [
    [Function],
  ],
  "extension/copy-webpack-plugin/make": Array [
    [Function],
  ],
  "extension/copy-webpack-plugin/options": Array [
    [Function],
  ],
  "extension/copy-webpack-plugin/when": Array [
    [Function],
  ],
  "extension/css-minimizer-webpack-plugin/make": Array [
    [Function],
  ],
  "extension/css-minimizer-webpack-plugin/options": Array [
    [Function],
  ],
  "extension/css-minimizer-webpack-plugin/when": Array [
    [Function],
  ],
  "extension/ignore-emit-webpack-plugin/make": Array [
    [Function],
  ],
  "extension/ignore-emit-webpack-plugin/options": Array [
    [Function],
  ],
  "extension/ignore-emit-webpack-plugin/when": Array [
    [Function],
  ],
  "extension/mini-css-extract-plugin/make": Array [
    [Function],
  ],
  "extension/mini-css-extract-plugin/options": Array [
    [Function],
  ],
  "extension/mini-css-extract-plugin/when": Array [
    [Function],
  ],
  "extension/webpack-config-dump-plugin/make": Array [
    [Function],
  ],
  "extension/webpack-config-dump-plugin/options": Array [
    [Function],
  ],
  "extension/webpack-config-dump-plugin/when": Array [
    [Function],
  ],
  "extension/webpack-define-plugin/make": Array [
    [Function],
  ],
  "extension/webpack-define-plugin/options": Array [
    [Function],
  ],
  "extension/webpack-define-plugin/when": Array [
    [Function],
  ],
  "extension/webpack-hot-module-replacement-plugin/make": Array [
    [Function],
  ],
  "extension/webpack-hot-module-replacement-plugin/when": Array [
    [Function],
  ],
  "extension/webpack-manifest-plugin/make": Array [
    [Function],
  ],
  "extension/webpack-manifest-plugin/options": Array [
    [Function],
  ],
  "extension/webpack-manifest-plugin/when": Array [
    [Function],
  ],
  "extension/webpack-provide-plugin/make": Array [
    [Function],
  ],
  "extension/webpack-provide-plugin/options": Array [
    [Function],
  ],
  "extension/webpack-provide-plugin/when": Array [
    [Function],
  ],
  "location/dist": Array [
    [Function],
  ],
  "location/modules": Array [
    [Function],
  ],
  "location/project": Array [
    [Function],
    [Function],
  ],
  "location/src": Array [
    [Function],
  ],
  "location/storage": Array [
    [Function],
    [Function],
  ],
}
`;
