// Jest Snapshot v1, https://goo.gl/fbAQLP

exports[`context.get should match expectations 1`] = `
{
  "basedir": StringMatching /\\\\/bud\\$/,
  "browser": undefined,
  "cache": undefined,
  "ci": undefined,
  "clean": undefined,
  "debug": undefined,
  "devtool": undefined,
  "discovery": undefined,
  "dry": undefined,
  "editor": undefined,
  "esm": undefined,
  "flush": undefined,
  "hash": undefined,
  "html": undefined,
  "immutable": undefined,
  "indicator": undefined,
  "input": undefined,
  "level": undefined,
  "log": undefined,
  "manifest": undefined,
  "minimize": undefined,
  "mode": undefined,
  "notify": true,
  "output": undefined,
  "overlay": undefined,
  "publicPath": undefined,
  "reload": undefined,
  "splitChunks": undefined,
  "target": undefined,
}
`;
