// Vitest Snapshot v1

exports[`html output of examples/babel > rebuilds on change > rgb(0, 0, 0) none repeat scroll 0% 0% / auto padding-box border-box 1`] = `"rgb(0, 0, 0) none repeat scroll 0% 0% / auto padding-box border-box"`;

exports[`html output of examples/babel > rebuilds on change > rgb(88, 19, 213) none repeat scroll 0% 0% / auto padding-box border-box 1`] = `"rgb(88, 19, 213) none repeat scroll 0% 0% / auto padding-box border-box"`;
