// Jest Snapshot v1, https://goo.gl/fbAQLP

exports[`basic hmr has indicator component 1`] = `
"
    <style>
      .bud-activity-indicator {
        position: fixed;
        width: 10px;
        height: 10px;
        left: 10px;
        bottom: 10px;
        z-index: 9998;
        margin: 10px;
        padding: 5px;
        transition: opacity ease 1500ms;
        pointer-events: none;
        border-radius: 50%;
      }

      
  .bud-activity-indicator__success {
    transform: scale(1);
    background: rgba(4, 120, 87, 1);
    box-shadow: 0 0 0 0 rgba(4, 120, 87, 1);
    animation: bud-activity-indicator__success__pulse 2s infinite;
  }

  @keyframes bud-activity-indicator__success__pulse {
    0% {
      transform: scale(0.95);
      box-shadow: 0 0 0 0 rgba(4, 120, 87, 0.7);
    }

    70% {
      transform: scale(1);
      box-shadow: 0 0 0 10px rgba(4, 120, 87, 0);
    }

    100% {
      transform: scale(0.95);
      box-shadow: 0 0 0 0 rgba(4, 120, 87, 0);
    }
  }

      
  .bud-activity-indicator__error {
    transform: scale(1);
    background: rgba(220, 38, 38, 1);
    box-shadow: 0 0 0 0 rgba(220, 38, 38, 1);
    animation: bud-activity-indicator__error__pulse 2s infinite;
  }

  @keyframes bud-activity-indicator__error__pulse {
    0% {
      transform: scale(0.95);
      box-shadow: 0 0 0 0 rgba(220, 38, 38, 0.7);
    }

    70% {
      transform: scale(1);
      box-shadow: 0 0 0 10px rgba(220, 38, 38, 0);
    }

    100% {
      transform: scale(0.95);
      box-shadow: 0 0 0 0 rgba(220, 38, 38, 0);
    }
  }

      
  .bud-activity-indicator__warning {
    transform: scale(1);
    background: rgba(252, 211, 77, 1);
    box-shadow: 0 0 0 0 rgba(252, 211, 77, 1);
    animation: bud-activity-indicator__warning__pulse 2s infinite;
  }

  @keyframes bud-activity-indicator__warning__pulse {
    0% {
      transform: scale(0.95);
      box-shadow: 0 0 0 0 rgba(252, 211, 77, 0.7);
    }

    70% {
      transform: scale(1);
      box-shadow: 0 0 0 10px rgba(252, 211, 77, 0);
    }

    100% {
      transform: scale(0.95);
      box-shadow: 0 0 0 0 rgba(252, 211, 77, 0);
    }
  }

      
  .bud-activity-indicator__pending {
    transform: scale(1);
    background: rgba(59, 130, 246, 1);
    box-shadow: 0 0 0 0 rgba(59, 130, 246, 1);
    animation: bud-activity-indicator__pending__pulse 2s infinite;
  }

  @keyframes bud-activity-indicator__pending__pulse {
    0% {
      transform: scale(0.95);
      box-shadow: 0 0 0 0 rgba(59, 130, 246, 0.7);
    }

    70% {
      transform: scale(1);
      box-shadow: 0 0 0 10px rgba(59, 130, 246, 0);
    }

    100% {
      transform: scale(0.95);
      box-shadow: 0 0 0 0 rgba(59, 130, 246, 0);
    }
  }


      .bud-activity-indicator__visible {
        opacity: 1;
      }

      .bud-activity-indicator__hidden {
        opacity: 0;
      }
    </style>
    "
`;
