// Jest Snapshot v1, https://goo.gl/fbAQLP

exports[`hmr css has indicator component 1`] = `""`;

exports[`hmr css hot updates css: rgb(0, 0, 0) none repeat scroll 0% 0% / auto padding-box border-box 1`] = `undefined`;

exports[`hmr css hot updates css: rgb(88, 19, 213) none repeat scroll 0% 0% / auto padding-box border-box 1`] = `undefined`;
