// Vitest Snapshot v1, https://vitest.dev/guide/snapshot.html

exports[`ConsoleBuffer > should store console.log to consoleBuffer.queue 1`] = `
[
  {
    "message": "log-test",
    "stream": "stdout",
  },
  {
    "message": "info-test",
    "stream": "stdout",
  },
  {
    "message": "error-test",
    "stream": "stderr",
  },
  {
    "message": "warn-test",
    "stream": "stderr",
  },
]
`;
