// Jest Snapshot v1, https://goo.gl/fbAQLP

exports[`@roots/bud-server has expected defaults 1`] = `"http://0.0.0.0:3000/"`;

exports[`@roots/bud-server has expected defaults 2`] = `Set {}`;

exports[`@roots/bud-server has expected defaults 3`] = `Object {}`;

exports[`@roots/bud-server has expected defaults 4`] = `
Set {
  [Function],
  [Function],
}
`;
