// Jest Snapshot v1, https://goo.gl/fbAQLP

exports[`@roots/bud-server has expected defaults 1`] = `"http://localhost:3000/"`;

exports[`@roots/bud-server has expected defaults 2`] = `Array []`;

exports[`@roots/bud-server has expected defaults 3`] = `Object {}`;

exports[`@roots/bud-server has expected defaults 4`] = `
Array [
  [Function],
  [Function],
]
`;
