// Jest Snapshot v1, https://goo.gl/fbAQLP

exports[`Build Command has expected flags 1`] = `
Object {
  "cache": Object {
    "allowNo": false,
    "char": "c",
    "description": "cache compiler references to disk",
    "parse": Any<Function>,
    "type": "boolean",
  },
  "cli": Object {
    "allowNo": false,
    "description": "non raw mode tty interoperable output",
    "parse": Any<Function>,
    "type": "boolean",
  },
  "discover": Object {
    "allowNo": false,
    "char": "d",
    "description": "automatically utilize installed extensions",
    "parse": Any<Function>,
    "type": "boolean",
  },
  "hash": Object {
    "allowNo": false,
    "description": "hash compiled filenames",
    "parse": Any<Function>,
    "type": "boolean",
  },
  "help": Object {
    "allowNo": false,
    "char": "h",
    "description": "show CLI help",
    "parse": Any<Function>,
    "type": "boolean",
  },
  "install": Object {
    "allowNo": false,
    "char": "i",
    "description": "ensure peer dependencies are installed",
    "parse": Any<Function>,
    "type": "boolean",
  },
  "log": Object {
    "allowNo": false,
    "char": "l",
    "description": "log to console",
    "parse": Any<Function>,
    "type": "boolean",
  },
  "manifest": Object {
    "allowNo": false,
    "description": "produce a manifest",
    "parse": Any<Function>,
    "type": "boolean",
  },
  "minimize": Object {
    "allowNo": false,
    "char": "m",
    "description": "minimize file size of compiled assets",
    "parse": Any<Function>,
    "type": "boolean",
  },
  "target": Object {
    "char": "t",
    "default": Array [],
    "description": "limit compilation to this compiler",
    "input": Array [],
    "multiple": true,
    "parse": Any<Function>,
    "type": "option",
  },
}
`;
